
===========================================================================
 report_power
============================================================================
======================= min_ss_100C_1v60 Corner ===================================

Group                    Internal    Switching      Leakage        Total
                            Power        Power        Power        Power (Watts)
------------------------------------------------------------------------
Sequential           4.067799e-03 7.434445e-04 4.614121e-05 4.857384e-03  22.0%
Combinational        5.255588e-03 8.507811e-03 6.619336e-05 1.382959e-02  62.6%
Clock                1.741224e-03 1.651208e-03 5.636575e-06 3.398068e-03  15.4%
Macro                0.000000e+00 0.000000e+00 0.000000e+00 0.000000e+00   0.0%
Pad                  0.000000e+00 0.000000e+00 0.000000e+00 0.000000e+00   0.0%
------------------------------------------------------------------------
Total                1.106458e-02 1.090248e-02 1.179746e-04 2.208504e-02 100.0%
                            50.1%        49.4%         0.5%

