Clock: core_clock
Sources: clk 
Generated: no
Virtual: yes
Propagated: no
Period: 20.000000

===========================================================================
report_clock_properties
============================================================================
Clock                   Period          Waveform
----------------------------------------------------
core_clock           20.000000    0.000000 10.000000

===========================================================================
report_clock_latency
============================================================================
Clock core_clock
rise -> rise
    min     max
0.000000 0.000000 source latency
0.770490         network latency _26391_/CLK
        0.975465 network latency _25496_/CLK
---------------
0.770490 0.975465 latency
        0.204975 skew

fall -> fall
    min     max
0.000000 0.000000 source latency
0.695069         network latency _26391_/CLK
        0.886481 network latency _25496_/CLK
---------------
0.695069 0.886481 latency
        0.191412 skew



===========================================================================
report_clock_min_period
============================================================================
core_clock period_min = 8.45 fmax = 118.35
