
===========================================================================
 report_power
============================================================================
======================= min_tt_025C_1v80 Corner ===================================

Group                    Internal    Switching      Leakage        Total
                            Power        Power        Power        Power (Watts)
------------------------------------------------------------------------
Sequential           5.302693e-03 9.448511e-04 3.297795e-08 6.247577e-03  22.1%
Combinational        6.951451e-03 1.082537e-02 5.273246e-08 1.777687e-02  62.9%
Clock                2.121873e-03 2.133658e-03 3.815970e-08 4.255569e-03  15.0%
Macro                0.000000e+00 0.000000e+00 0.000000e+00 0.000000e+00   0.0%
Pad                  0.000000e+00 0.000000e+00 0.000000e+00 0.000000e+00   0.0%
------------------------------------------------------------------------
Total                1.437606e-02 1.390388e-02 1.238667e-07 2.828007e-02 100.0%
                            50.8%        49.2%         0.0%

