
===========================================================================
 report_power
============================================================================
======================= nom_ff_n40C_1v95 Corner ===================================

Group                    Internal    Switching      Leakage        Total
                            Power        Power        Power        Power (Watts)
------------------------------------------------------------------------
Sequential           6.198094e-03 5.298681e-04 5.443258e-08 6.728017e-03  25.7%
Combinational        1.073614e-02 8.680695e-03 1.390181e-07 1.941697e-02  74.3%
Clock                0.000000e+00 0.000000e+00 0.000000e+00 0.000000e+00   0.0%
Macro                0.000000e+00 0.000000e+00 0.000000e+00 0.000000e+00   0.0%
Pad                  0.000000e+00 0.000000e+00 0.000000e+00 0.000000e+00   0.0%
------------------------------------------------------------------------
Total                1.693423e-02 9.210553e-03 1.934539e-07 2.614498e-02 100.0%
                            64.8%        35.2%         0.0%

