Clock: core_clock
Sources: clk 
Generated: no
Virtual: yes
Propagated: no
Period: 20.000000

===========================================================================
report_clock_properties
============================================================================
Clock                   Period          Waveform
----------------------------------------------------
core_clock           20.000000    0.000000 10.000000

===========================================================================
report_clock_latency
============================================================================
Clock core_clock
rise -> rise
    min     max
0.000000 0.000000 source latency
0.532517         network latency _26391_/CLK
        0.675940 network latency _25496_/CLK
---------------
0.532517 0.675940 latency
        0.143423 skew

fall -> fall
    min     max
0.000000 0.000000 source latency
0.484802         network latency _26391_/CLK
        0.618108 network latency _25496_/CLK
---------------
0.484802 0.618108 latency
        0.133306 skew



===========================================================================
report_clock_min_period
============================================================================
core_clock period_min = 5.08 fmax = 197.04
