
===========================================================================
 report_power
============================================================================
======================= min_ff_n40C_1v95 Corner ===================================

Group                    Internal    Switching      Leakage        Total
                            Power        Power        Power        Power (Watts)
------------------------------------------------------------------------
Sequential           6.164378e-03 1.111932e-03 4.499276e-08 7.276356e-03  22.2%
Combinational        7.838788e-03 1.273196e-02 1.220249e-07 2.057087e-02  62.7%
Clock                2.425223e-03 2.546992e-03 5.742031e-08 4.972272e-03  15.2%
Macro                0.000000e+00 0.000000e+00 0.000000e+00 0.000000e+00   0.0%
Pad                  0.000000e+00 0.000000e+00 0.000000e+00 0.000000e+00   0.0%
------------------------------------------------------------------------
Total                1.642842e-02 1.639086e-02 2.244377e-07 3.281950e-02 100.0%
                            50.1%        49.9%         0.0%

