
===========================================================================
 report_power
============================================================================
======================= max_tt_025C_1v80 Corner ===================================

Group                    Internal    Switching      Leakage        Total
                            Power        Power        Power        Power (Watts)
------------------------------------------------------------------------
Sequential           5.301356e-03 1.103892e-03 3.297795e-08 6.405281e-03  21.4%
Combinational        6.957874e-03 1.214845e-02 5.273246e-08 1.910638e-02  63.8%
Clock                2.123219e-03 2.325388e-03 3.815970e-08 4.448645e-03  14.8%
Macro                0.000000e+00 0.000000e+00 0.000000e+00 0.000000e+00   0.0%
Pad                  0.000000e+00 0.000000e+00 0.000000e+00 0.000000e+00   0.0%
------------------------------------------------------------------------
Total                1.438254e-02 1.557773e-02 1.238667e-07 2.996039e-02 100.0%
                            48.0%        52.0%         0.0%

