┏━━━━━━━━━━━━━━━━━━━━━━┳━━━━━━━━━━┳━━━━━━━━━━┳━━━━━━━━━━┳━━━━━━━━━━┳━━━━━━━━━━━┳━━━━━━━━━━┳━━━━━━━━━━━┳━━━━━━━━━━┳━━━━━━━━━━━┳━━━━━━━━━━┳━━━━━━━━━━━┳━━━━━━━━━━┓
┃                      ┃ Hold     ┃ Reg to   ┃          ┃          ┃ of which  ┃ Setup    ┃           ┃          ┃           ┃ of which ┃           ┃          ┃
┃                      ┃ Worst    ┃ Reg      ┃          ┃ Hold Vio ┃ reg to    ┃ Worst    ┃ Reg to    ┃ Setup    ┃ Setup Vio ┃ reg to   ┃ Max Cap   ┃ Max Slew ┃
┃ Corner/Group         ┃ Slack    ┃ Paths    ┃ Hold TNS ┃ Count    ┃ reg       ┃ Slack    ┃ Reg Paths ┃ TNS      ┃ Count     ┃ reg      ┃ Violatio… ┃ Violati… ┃
┡━━━━━━━━━━━━━━━━━━━━━━╇━━━━━━━━━━╇━━━━━━━━━━╇━━━━━━━━━━╇━━━━━━━━━━╇━━━━━━━━━━━╇━━━━━━━━━━╇━━━━━━━━━━━╇━━━━━━━━━━╇━━━━━━━━━━━╇━━━━━━━━━━╇━━━━━━━━━━━╇━━━━━━━━━━┩
│ Overall              │ 0.2756   │ 0.2756   │ 0.0000   │ 0        │ 0         │ -0.1759  │ -0.1759   │ -8.5960  │ 137       │ 137      │ 75        │ 7254     │
│ nom_tt_025C_1v80     │ 0.4476   │ 0.4476   │ 0.0000   │ 0        │ 0         │ 8.9432   │ 8.9432    │ 0.0000   │ 0         │ 0        │ 47        │ 6071     │
│ nom_ss_100C_1v60     │ 0.9307   │ 0.9307   │ 0.0000   │ 0        │ 0         │ -0.1759  │ -0.1759   │ -8.5960  │ 137       │ 137      │ 75        │ 7254     │
│ nom_ff_n40C_1v95     │ 0.2756   │ 0.2756   │ 0.0000   │ 0        │ 0         │ 12.6123  │ 12.6123   │ 0.0000   │ 0         │ 0        │ 35        │ 4471     │
└──────────────────────┴──────────┴──────────┴──────────┴──────────┴───────────┴──────────┴───────────┴──────────┴───────────┴──────────┴───────────┴──────────┘
