
===========================================================================
 report_power
============================================================================
======================= nom_ss_100C_1v60 Corner ===================================

Group                    Internal    Switching      Leakage        Total
                            Power        Power        Power        Power (Watts)
------------------------------------------------------------------------
Sequential           4.255531e-03 3.536190e-04 4.712793e-05 4.656278e-03  25.6%
Combinational        7.650045e-03 5.822561e-03 6.876275e-05 1.354137e-02  74.4%
Clock                0.000000e+00 0.000000e+00 0.000000e+00 0.000000e+00   0.0%
Macro                0.000000e+00 0.000000e+00 0.000000e+00 0.000000e+00   0.0%
Pad                  0.000000e+00 0.000000e+00 0.000000e+00 0.000000e+00   0.0%
------------------------------------------------------------------------
Total                1.190594e-02 6.176133e-03 1.158849e-04 1.819796e-02 100.0%
                            65.4%        33.9%         0.6%

