Clock: core_clock
Sources: clk 
Generated: no
Virtual: yes
Propagated: no
Period: 20.000000

===========================================================================
report_clock_properties
============================================================================
Clock                   Period          Waveform
----------------------------------------------------
core_clock           20.000000    0.000000 10.000000

===========================================================================
report_clock_latency
============================================================================
Clock core_clock
rise -> rise
    min     max
0.000000 0.000000 source latency
1.460841         network latency _26391_/CLK
        1.823928 network latency _24177_/CLK
---------------
1.460841 1.823928 latency
        0.363087 skew

fall -> fall
    min     max
0.000000 0.000000 source latency
1.315384         network latency _26391_/CLK
        1.658470 network latency _25928_/CLK
---------------
1.315384 1.658470 latency
        0.343086 skew



===========================================================================
report_clock_min_period
============================================================================
core_clock period_min = 17.94 fmax = 55.73
