
===========================================================================
 report_power
============================================================================
======================= max_ss_100C_1v60 Corner ===================================

Group                    Internal    Switching      Leakage        Total
                            Power        Power        Power        Power (Watts)
------------------------------------------------------------------------
Sequential           4.065569e-03 8.691077e-04 4.614121e-05 4.980818e-03  21.3%
Combinational        5.255398e-03 9.553226e-03 6.619336e-05 1.487482e-02  63.6%
Clock                1.740992e-03 1.802698e-03 5.636575e-06 3.549326e-03  15.2%
Macro                0.000000e+00 0.000000e+00 0.000000e+00 0.000000e+00   0.0%
Pad                  0.000000e+00 0.000000e+00 0.000000e+00 0.000000e+00   0.0%
------------------------------------------------------------------------
Total                1.106197e-02 1.222502e-02 1.179746e-04 2.340497e-02 100.0%
                            47.3%        52.2%         0.5%

