                                                                       Cells by Function                                                                        
┏━━━━━━━━━━━━━━━━━━━━━━━━━━━━━━━━━━━━━━━━━━━━━━━━━━━━━━━━━━━━━━━━━━━━━━━━━━━━━━━━━━━━━━━━━━━━━━━━━━━━━━━━━━━━━━━━━━━━━━━━━━━━━━━━━┳━━━━━━━━━━━━━━━━━━━━━━━━━━━━┓
┃ Cell Function                                                                                                                   ┃ Count                      ┃
┡━━━━━━━━━━━━━━━━━━━━━━━━━━━━━━━━━━━━━━━━━━━━━━━━━━━━━━━━━━━━━━━━━━━━━━━━━━━━━━━━━━━━━━━━━━━━━━━━━━━━━━━━━━━━━━━━━━━━━━━━━━━━━━━━━╇━━━━━━━━━━━━━━━━━━━━━━━━━━━━┩
│ sky130_ef_sc_hd__decap                                                                                                          │ 9410                       │
│ sky130_fd_sc_hd__a2111o                                                                                                         │ 234                        │
│ sky130_fd_sc_hd__a2111oi                                                                                                        │ 1                          │
│ sky130_fd_sc_hd__a211o                                                                                                          │ 372                        │
│ sky130_fd_sc_hd__a211oi                                                                                                         │ 4                          │
│ sky130_fd_sc_hd__a21bo                                                                                                          │ 43                         │
│ sky130_fd_sc_hd__a21boi                                                                                                         │ 4                          │
│ sky130_fd_sc_hd__a21o                                                                                                           │ 248                        │
│ sky130_fd_sc_hd__a21oi                                                                                                          │ 381                        │
│ sky130_fd_sc_hd__a221o                                                                                                          │ 425                        │
│ sky130_fd_sc_hd__a221oi                                                                                                         │ 14                         │
│ sky130_fd_sc_hd__a22o                                                                                                           │ 680                        │
│ sky130_fd_sc_hd__a2bb2o                                                                                                         │ 65                         │
│ sky130_fd_sc_hd__a311o                                                                                                          │ 56                         │
│ sky130_fd_sc_hd__a31o                                                                                                           │ 147                        │
│ sky130_fd_sc_hd__a31oi                                                                                                          │ 7                          │
│ sky130_fd_sc_hd__a32o                                                                                                           │ 101                        │
│ sky130_fd_sc_hd__a32oi                                                                                                          │ 32                         │
│ sky130_fd_sc_hd__a41o                                                                                                           │ 5                          │
│ sky130_fd_sc_hd__and2                                                                                                           │ 148                        │
│ sky130_fd_sc_hd__and2b                                                                                                          │ 33                         │
│ sky130_fd_sc_hd__and3                                                                                                           │ 266                        │
│ sky130_fd_sc_hd__and3b                                                                                                          │ 29                         │
│ sky130_fd_sc_hd__and4                                                                                                           │ 80                         │
│ sky130_fd_sc_hd__and4b                                                                                                          │ 17                         │
│ sky130_fd_sc_hd__and4bb                                                                                                         │ 20                         │
│ sky130_fd_sc_hd__buf                                                                                                            │ 432                        │
│ sky130_fd_sc_hd__bufinv                                                                                                         │ 20                         │
│ sky130_fd_sc_hd__clkbuf                                                                                                         │ 642                        │
│ sky130_fd_sc_hd__clkinv                                                                                                         │ 71                         │
│ sky130_fd_sc_hd__clkinvlp                                                                                                       │ 33                         │
│ sky130_fd_sc_hd__decap                                                                                                          │ 10640                      │
│ sky130_fd_sc_hd__dfrtp                                                                                                          │ 2469                       │
│ sky130_fd_sc_hd__dfstp                                                                                                          │ 7                          │
│ sky130_fd_sc_hd__diode                                                                                                          │ 353                        │
│ sky130_fd_sc_hd__dlymetal6s2s                                                                                                   │ 12                         │
│ sky130_fd_sc_hd__fill                                                                                                           │ 7941                       │
│ sky130_fd_sc_hd__inv                                                                                                            │ 166                        │
│ sky130_fd_sc_hd__mux2                                                                                                           │ 2126                       │
│ sky130_fd_sc_hd__nand2                                                                                                          │ 391                        │
│ sky130_fd_sc_hd__nand2b                                                                                                         │ 11                         │
│ sky130_fd_sc_hd__nand3                                                                                                          │ 21                         │
│ sky130_fd_sc_hd__nand3b                                                                                                         │ 7                          │
│ sky130_fd_sc_hd__nand4                                                                                                          │ 7                          │
│ sky130_fd_sc_hd__nand4b                                                                                                         │ 1                          │
│ sky130_fd_sc_hd__nor2                                                                                                           │ 1037                       │
│ sky130_fd_sc_hd__nor3                                                                                                           │ 30                         │
│ sky130_fd_sc_hd__nor3b                                                                                                          │ 6                          │
│ sky130_fd_sc_hd__nor4                                                                                                           │ 21                         │
│ sky130_fd_sc_hd__o2111a                                                                                                         │ 8                          │
│ sky130_fd_sc_hd__o2111ai                                                                                                        │ 3                          │
│ sky130_fd_sc_hd__o211a                                                                                                          │ 95                         │
│ sky130_fd_sc_hd__o211ai                                                                                                         │ 42                         │
│ sky130_fd_sc_hd__o21a                                                                                                           │ 332                        │
│ sky130_fd_sc_hd__o21ai                                                                                                          │ 196                        │
│ sky130_fd_sc_hd__o21ba                                                                                                          │ 30                         │
│ sky130_fd_sc_hd__o21bai                                                                                                         │ 14                         │
│ sky130_fd_sc_hd__o221a                                                                                                          │ 157                        │
│ sky130_fd_sc_hd__o221ai                                                                                                         │ 85                         │
│ sky130_fd_sc_hd__o22a                                                                                                           │ 500                        │
│ sky130_fd_sc_hd__o22ai                                                                                                          │ 69                         │
│ sky130_fd_sc_hd__o2bb2a                                                                                                         │ 16                         │
│ sky130_fd_sc_hd__o2bb2ai                                                                                                        │ 1                          │
│ sky130_fd_sc_hd__o311a                                                                                                          │ 17                         │
│ sky130_fd_sc_hd__o31a                                                                                                           │ 42                         │
│ sky130_fd_sc_hd__o31ai                                                                                                          │ 10                         │
│ sky130_fd_sc_hd__o32a                                                                                                           │ 247                        │
│ sky130_fd_sc_hd__o32ai                                                                                                          │ 7                          │
│ sky130_fd_sc_hd__o41a                                                                                                           │ 2                          │
│ sky130_fd_sc_hd__or2                                                                                                            │ 376                        │
│ sky130_fd_sc_hd__or3                                                                                                            │ 229                        │
│ sky130_fd_sc_hd__or3b                                                                                                           │ 85                         │
│ sky130_fd_sc_hd__or4                                                                                                            │ 538                        │
│ sky130_fd_sc_hd__or4b                                                                                                           │ 126                        │
│ sky130_fd_sc_hd__or4bb                                                                                                          │ 12                         │
│ sky130_fd_sc_hd__tapvpwrvgnd                                                                                                    │ 6050                       │
│ sky130_fd_sc_hd__xnor2                                                                                                          │ 1325                       │
│ sky130_fd_sc_hd__xor2                                                                                                           │ 422                        │
└─────────────────────────────────────────────────────────────────────────────────────────────────────────────────────────────────┴────────────────────────────┘
