                                                                        Cells by Master                                                                         
┏━━━━━━━━━━━━━━━━━━━━━━━━━━━━━━━━━━━━━━━━━━━━━━━━━━━━━━━━━━━━━━━━━━━━━━━━━━━━━━━━━━━━━━━━━━━━━━━━━━━━━━━━━━━━━━━━━━━━━━━━━━━━━━━━━━┳━━━━━━━━━━━━━━━━━━━━━━━━━━━┓
┃ Cell                                                                                                                             ┃ Count                     ┃
┡━━━━━━━━━━━━━━━━━━━━━━━━━━━━━━━━━━━━━━━━━━━━━━━━━━━━━━━━━━━━━━━━━━━━━━━━━━━━━━━━━━━━━━━━━━━━━━━━━━━━━━━━━━━━━━━━━━━━━━━━━━━━━━━━━━╇━━━━━━━━━━━━━━━━━━━━━━━━━━━┩
│ sky130_ef_sc_hd__decap_12                                                                                                        │ 9410                      │
│ sky130_fd_sc_hd__a2111o_1                                                                                                        │ 210                       │
│ sky130_fd_sc_hd__a2111o_2                                                                                                        │ 20                        │
│ sky130_fd_sc_hd__a2111o_4                                                                                                        │ 4                         │
│ sky130_fd_sc_hd__a2111oi_1                                                                                                       │ 1                         │
│ sky130_fd_sc_hd__a211o_1                                                                                                         │ 368                       │
│ sky130_fd_sc_hd__a211o_2                                                                                                         │ 4                         │
│ sky130_fd_sc_hd__a211oi_1                                                                                                        │ 2                         │
│ sky130_fd_sc_hd__a211oi_2                                                                                                        │ 2                         │
│ sky130_fd_sc_hd__a21bo_1                                                                                                         │ 41                        │
│ sky130_fd_sc_hd__a21bo_2                                                                                                         │ 1                         │
│ sky130_fd_sc_hd__a21bo_4                                                                                                         │ 1                         │
│ sky130_fd_sc_hd__a21boi_1                                                                                                        │ 3                         │
│ sky130_fd_sc_hd__a21boi_2                                                                                                        │ 1                         │
│ sky130_fd_sc_hd__a21o_1                                                                                                          │ 225                       │
│ sky130_fd_sc_hd__a21o_2                                                                                                          │ 16                        │
│ sky130_fd_sc_hd__a21o_4                                                                                                          │ 7                         │
│ sky130_fd_sc_hd__a21oi_1                                                                                                         │ 350                       │
│ sky130_fd_sc_hd__a21oi_2                                                                                                         │ 13                        │
│ sky130_fd_sc_hd__a21oi_4                                                                                                         │ 18                        │
│ sky130_fd_sc_hd__a221o_1                                                                                                         │ 405                       │
│ sky130_fd_sc_hd__a221o_2                                                                                                         │ 14                        │
│ sky130_fd_sc_hd__a221o_4                                                                                                         │ 6                         │
│ sky130_fd_sc_hd__a221oi_2                                                                                                        │ 2                         │
│ sky130_fd_sc_hd__a221oi_4                                                                                                        │ 12                        │
│ sky130_fd_sc_hd__a22o_1                                                                                                          │ 674                       │
│ sky130_fd_sc_hd__a22o_2                                                                                                          │ 4                         │
│ sky130_fd_sc_hd__a22o_4                                                                                                          │ 2                         │
│ sky130_fd_sc_hd__a2bb2o_1                                                                                                        │ 57                        │
│ sky130_fd_sc_hd__a2bb2o_4                                                                                                        │ 8                         │
│ sky130_fd_sc_hd__a311o_1                                                                                                         │ 55                        │
│ sky130_fd_sc_hd__a311o_2                                                                                                         │ 1                         │
│ sky130_fd_sc_hd__a31o_1                                                                                                          │ 140                       │
│ sky130_fd_sc_hd__a31o_2                                                                                                          │ 1                         │
│ sky130_fd_sc_hd__a31o_4                                                                                                          │ 6                         │
│ sky130_fd_sc_hd__a31oi_1                                                                                                         │ 5                         │
│ sky130_fd_sc_hd__a31oi_2                                                                                                         │ 1                         │
│ sky130_fd_sc_hd__a31oi_4                                                                                                         │ 1                         │
│ sky130_fd_sc_hd__a32o_1                                                                                                          │ 69                        │
│ sky130_fd_sc_hd__a32o_2                                                                                                          │ 1                         │
│ sky130_fd_sc_hd__a32o_4                                                                                                          │ 31                        │
│ sky130_fd_sc_hd__a32oi_4                                                                                                         │ 32                        │
│ sky130_fd_sc_hd__a41o_1                                                                                                          │ 5                         │
│ sky130_fd_sc_hd__and2_1                                                                                                          │ 125                       │
│ sky130_fd_sc_hd__and2_2                                                                                                          │ 15                        │
│ sky130_fd_sc_hd__and2_4                                                                                                          │ 8                         │
│ sky130_fd_sc_hd__and2b_1                                                                                                         │ 30                        │
│ sky130_fd_sc_hd__and2b_2                                                                                                         │ 1                         │
│ sky130_fd_sc_hd__and2b_4                                                                                                         │ 2                         │
│ sky130_fd_sc_hd__and3_1                                                                                                          │ 205                       │
│ sky130_fd_sc_hd__and3_2                                                                                                          │ 48                        │
│ sky130_fd_sc_hd__and3_4                                                                                                          │ 13                        │
│ sky130_fd_sc_hd__and3b_1                                                                                                         │ 27                        │
│ sky130_fd_sc_hd__and3b_2                                                                                                         │ 1                         │
│ sky130_fd_sc_hd__and3b_4                                                                                                         │ 1                         │
│ sky130_fd_sc_hd__and4_1                                                                                                          │ 46                        │
│ sky130_fd_sc_hd__and4_2                                                                                                          │ 20                        │
│ sky130_fd_sc_hd__and4_4                                                                                                          │ 14                        │
│ sky130_fd_sc_hd__and4b_1                                                                                                         │ 12                        │
│ sky130_fd_sc_hd__and4b_2                                                                                                         │ 2                         │
│ sky130_fd_sc_hd__and4b_4                                                                                                         │ 3                         │
│ sky130_fd_sc_hd__and4bb_1                                                                                                        │ 14                        │
│ sky130_fd_sc_hd__and4bb_2                                                                                                        │ 1                         │
│ sky130_fd_sc_hd__and4bb_4                                                                                                        │ 5                         │
│ sky130_fd_sc_hd__buf_1                                                                                                           │ 189                       │
│ sky130_fd_sc_hd__buf_12                                                                                                          │ 107                       │
│ sky130_fd_sc_hd__buf_2                                                                                                           │ 67                        │
│ sky130_fd_sc_hd__buf_4                                                                                                           │ 40                        │
│ sky130_fd_sc_hd__buf_6                                                                                                           │ 20                        │
│ sky130_fd_sc_hd__buf_8                                                                                                           │ 9                         │
│ sky130_fd_sc_hd__bufinv_16                                                                                                       │ 20                        │
│ sky130_fd_sc_hd__clkbuf_1                                                                                                        │ 65                        │
│ sky130_fd_sc_hd__clkbuf_16                                                                                                       │ 61                        │
│ sky130_fd_sc_hd__clkbuf_2                                                                                                        │ 64                        │
│ sky130_fd_sc_hd__clkbuf_4                                                                                                        │ 116                       │
│ sky130_fd_sc_hd__clkbuf_8                                                                                                        │ 336                       │
│ sky130_fd_sc_hd__clkinv_16                                                                                                       │ 2                         │
│ sky130_fd_sc_hd__clkinv_2                                                                                                        │ 32                        │
│ sky130_fd_sc_hd__clkinv_4                                                                                                        │ 21                        │
│ sky130_fd_sc_hd__clkinv_8                                                                                                        │ 16                        │
│ sky130_fd_sc_hd__clkinvlp_4                                                                                                      │ 33                        │
│ sky130_fd_sc_hd__decap_3                                                                                                         │ 2513                      │
│ sky130_fd_sc_hd__decap_4                                                                                                         │ 2512                      │
│ sky130_fd_sc_hd__decap_6                                                                                                         │ 2892                      │
│ sky130_fd_sc_hd__decap_8                                                                                                         │ 2723                      │
│ sky130_fd_sc_hd__dfrtp_1                                                                                                         │ 2160                      │
│ sky130_fd_sc_hd__dfrtp_2                                                                                                         │ 7                         │
│ sky130_fd_sc_hd__dfrtp_4                                                                                                         │ 302                       │
│ sky130_fd_sc_hd__dfstp_1                                                                                                         │ 6                         │
│ sky130_fd_sc_hd__dfstp_2                                                                                                         │ 1                         │
│ sky130_fd_sc_hd__diode_2                                                                                                         │ 353                       │
│ sky130_fd_sc_hd__dlymetal6s2s_1                                                                                                  │ 12                        │
│ sky130_fd_sc_hd__fill_1                                                                                                          │ 5534                      │
│ sky130_fd_sc_hd__fill_2                                                                                                          │ 2407                      │
│ sky130_fd_sc_hd__inv_12                                                                                                          │ 7                         │
│ sky130_fd_sc_hd__inv_2                                                                                                           │ 85                        │
│ sky130_fd_sc_hd__inv_4                                                                                                           │ 3                         │
│ sky130_fd_sc_hd__inv_6                                                                                                           │ 44                        │
│ sky130_fd_sc_hd__inv_8                                                                                                           │ 27                        │
│ sky130_fd_sc_hd__mux2_1                                                                                                          │ 2010                      │
│ sky130_fd_sc_hd__mux2_2                                                                                                          │ 108                       │
│ sky130_fd_sc_hd__mux2_4                                                                                                          │ 8                         │
│ sky130_fd_sc_hd__nand2_1                                                                                                         │ 277                       │
│ sky130_fd_sc_hd__nand2_2                                                                                                         │ 48                        │
│ sky130_fd_sc_hd__nand2_4                                                                                                         │ 45                        │
│ sky130_fd_sc_hd__nand2_8                                                                                                         │ 21                        │
│ sky130_fd_sc_hd__nand2b_1                                                                                                        │ 9                         │
│ sky130_fd_sc_hd__nand2b_4                                                                                                        │ 2                         │
│ sky130_fd_sc_hd__nand3_1                                                                                                         │ 19                        │
│ sky130_fd_sc_hd__nand3_4                                                                                                         │ 2                         │
│ sky130_fd_sc_hd__nand3b_1                                                                                                        │ 6                         │
│ sky130_fd_sc_hd__nand3b_4                                                                                                        │ 1                         │
│ sky130_fd_sc_hd__nand4_1                                                                                                         │ 6                         │
│ sky130_fd_sc_hd__nand4_4                                                                                                         │ 1                         │
│ sky130_fd_sc_hd__nand4b_1                                                                                                        │ 1                         │
│ sky130_fd_sc_hd__nor2_1                                                                                                          │ 830                       │
│ sky130_fd_sc_hd__nor2_2                                                                                                          │ 97                        │
│ sky130_fd_sc_hd__nor2_4                                                                                                          │ 80                        │
│ sky130_fd_sc_hd__nor2_8                                                                                                          │ 30                        │
│ sky130_fd_sc_hd__nor3_1                                                                                                          │ 14                        │
│ sky130_fd_sc_hd__nor3_2                                                                                                          │ 7                         │
│ sky130_fd_sc_hd__nor3_4                                                                                                          │ 9                         │
│ sky130_fd_sc_hd__nor3b_1                                                                                                         │ 1                         │
│ sky130_fd_sc_hd__nor3b_4                                                                                                         │ 5                         │
│ sky130_fd_sc_hd__nor4_1                                                                                                          │ 5                         │
│ sky130_fd_sc_hd__nor4_2                                                                                                          │ 8                         │
│ sky130_fd_sc_hd__nor4_4                                                                                                          │ 8                         │
│ sky130_fd_sc_hd__o2111a_1                                                                                                        │ 8                         │
│ sky130_fd_sc_hd__o2111ai_1                                                                                                       │ 3                         │
│ sky130_fd_sc_hd__o211a_1                                                                                                         │ 68                        │
│ sky130_fd_sc_hd__o211a_2                                                                                                         │ 5                         │
│ sky130_fd_sc_hd__o211a_4                                                                                                         │ 22                        │
│ sky130_fd_sc_hd__o211ai_1                                                                                                        │ 9                         │
│ sky130_fd_sc_hd__o211ai_2                                                                                                        │ 4                         │
│ sky130_fd_sc_hd__o211ai_4                                                                                                        │ 29                        │
│ sky130_fd_sc_hd__o21a_1                                                                                                          │ 265                       │
│ sky130_fd_sc_hd__o21a_2                                                                                                          │ 8                         │
│ sky130_fd_sc_hd__o21a_4                                                                                                          │ 59                        │
│ sky130_fd_sc_hd__o21ai_1                                                                                                         │ 180                       │
│ sky130_fd_sc_hd__o21ai_2                                                                                                         │ 9                         │
│ sky130_fd_sc_hd__o21ai_4                                                                                                         │ 7                         │
│ sky130_fd_sc_hd__o21ba_1                                                                                                         │ 30                        │
│ sky130_fd_sc_hd__o21bai_1                                                                                                        │ 12                        │
│ sky130_fd_sc_hd__o21bai_4                                                                                                        │ 2                         │
│ sky130_fd_sc_hd__o221a_1                                                                                                         │ 157                       │
│ sky130_fd_sc_hd__o221ai_1                                                                                                        │ 68                        │
│ sky130_fd_sc_hd__o221ai_2                                                                                                        │ 9                         │
│ sky130_fd_sc_hd__o221ai_4                                                                                                        │ 8                         │
│ sky130_fd_sc_hd__o22a_1                                                                                                          │ 398                       │
│ sky130_fd_sc_hd__o22a_2                                                                                                          │ 2                         │
│ sky130_fd_sc_hd__o22a_4                                                                                                          │ 100                       │
│ sky130_fd_sc_hd__o22ai_1                                                                                                         │ 58                        │
│ sky130_fd_sc_hd__o22ai_2                                                                                                         │ 11                        │
│ sky130_fd_sc_hd__o2bb2a_1                                                                                                        │ 15                        │
│ sky130_fd_sc_hd__o2bb2a_4                                                                                                        │ 1                         │
│ sky130_fd_sc_hd__o2bb2ai_1                                                                                                       │ 1                         │
│ sky130_fd_sc_hd__o311a_1                                                                                                         │ 16                        │
│ sky130_fd_sc_hd__o311a_2                                                                                                         │ 1                         │
│ sky130_fd_sc_hd__o31a_1                                                                                                          │ 33                        │
│ sky130_fd_sc_hd__o31a_4                                                                                                          │ 9                         │
│ sky130_fd_sc_hd__o31ai_1                                                                                                         │ 6                         │
│ sky130_fd_sc_hd__o31ai_2                                                                                                         │ 1                         │
│ sky130_fd_sc_hd__o31ai_4                                                                                                         │ 3                         │
│ sky130_fd_sc_hd__o32a_1                                                                                                          │ 220                       │
│ sky130_fd_sc_hd__o32a_4                                                                                                          │ 27                        │
│ sky130_fd_sc_hd__o32ai_1                                                                                                         │ 3                         │
│ sky130_fd_sc_hd__o32ai_2                                                                                                         │ 3                         │
│ sky130_fd_sc_hd__o32ai_4                                                                                                         │ 1                         │
│ sky130_fd_sc_hd__o41a_1                                                                                                          │ 1                         │
│ sky130_fd_sc_hd__o41a_4                                                                                                          │ 1                         │
│ sky130_fd_sc_hd__or2_1                                                                                                           │ 203                       │
│ sky130_fd_sc_hd__or2_2                                                                                                           │ 49                        │
│ sky130_fd_sc_hd__or2_4                                                                                                           │ 124                       │
│ sky130_fd_sc_hd__or3_1                                                                                                           │ 166                       │
│ sky130_fd_sc_hd__or3_2                                                                                                           │ 22                        │
│ sky130_fd_sc_hd__or3_4                                                                                                           │ 41                        │
│ sky130_fd_sc_hd__or3b_1                                                                                                          │ 68                        │
│ sky130_fd_sc_hd__or3b_2                                                                                                          │ 6                         │
│ sky130_fd_sc_hd__or3b_4                                                                                                          │ 11                        │
│ sky130_fd_sc_hd__or4_1                                                                                                           │ 355                       │
│ sky130_fd_sc_hd__or4_2                                                                                                           │ 42                        │
│ sky130_fd_sc_hd__or4_4                                                                                                           │ 141                       │
│ sky130_fd_sc_hd__or4b_1                                                                                                          │ 114                       │
│ sky130_fd_sc_hd__or4b_2                                                                                                          │ 10                        │
│ sky130_fd_sc_hd__or4b_4                                                                                                          │ 2                         │
│ sky130_fd_sc_hd__or4bb_1                                                                                                         │ 10                        │
│ sky130_fd_sc_hd__or4bb_2                                                                                                         │ 2                         │
│ sky130_fd_sc_hd__tapvpwrvgnd_1                                                                                                   │ 6050                      │
│ sky130_fd_sc_hd__xnor2_1                                                                                                         │ 921                       │
│ sky130_fd_sc_hd__xnor2_2                                                                                                         │ 134                       │
│ sky130_fd_sc_hd__xnor2_4                                                                                                         │ 270                       │
│ sky130_fd_sc_hd__xor2_1                                                                                                          │ 319                       │
│ sky130_fd_sc_hd__xor2_2                                                                                                          │ 89                        │
│ sky130_fd_sc_hd__xor2_4                                                                                                          │ 14                        │
└──────────────────────────────────────────────────────────────────────────────────────────────────────────────────────────────────┴───────────────────────────┘
