Clock: core_clock
Sources: clk 
Generated: no
Virtual: yes
Propagated: no
Period: 20.000000

===========================================================================
report_clock_properties
============================================================================
Clock                   Period          Waveform
----------------------------------------------------
core_clock           20.000000    0.000000 10.000000

===========================================================================
report_clock_latency
============================================================================
Clock core_clock
rise -> rise
    min     max
0.000000 0.000000 source latency
0.575062         network latency _24475_/CLK
        0.973257 network latency _24825_/CLK
---------------
0.575062 0.973257 latency
        0.398195 skew

fall -> fall
    min     max
0.000000 0.000000 source latency
0.541788         network latency _24475_/CLK
        0.916478 network latency _24825_/CLK
---------------
0.541788 0.916478 latency
        0.374690 skew



===========================================================================
report_clock_min_period
============================================================================
core_clock period_min = 17.09 fmax = 58.51
