
===========================================================================
 report_power
============================================================================
======================= nom_tt_025C_1v80 Corner ===================================

Group                    Internal    Switching      Leakage        Total
                            Power        Power        Power        Power (Watts)
------------------------------------------------------------------------
Sequential           5.495938e-03 7.060794e-04 2.964024e-08 6.202047e-03  24.5%
Combinational        9.428967e-03 9.710131e-03 5.319949e-08 1.913915e-02  75.5%
Clock                0.000000e+00 0.000000e+00 1.555223e-09 1.555223e-09   0.0%
Macro                0.000000e+00 0.000000e+00 0.000000e+00 0.000000e+00   0.0%
Pad                  0.000000e+00 0.000000e+00 0.000000e+00 0.000000e+00   0.0%
------------------------------------------------------------------------
Total                1.492487e-02 1.041621e-02 8.439005e-08 2.534117e-02 100.0%
                            58.9%        41.1%         0.0%
Writing metric power__internal__total: 0.014924872666597366
Writing metric power__switching__total: 0.010416210629045963
Writing metric power__leakage__total: 8.439004517413196e-8
Writing metric power__total: 0.02534116618335247

