Clock: core_clock
Sources: clk 
Generated: no
Virtual: yes
Propagated: no
Period: 20.000000

===========================================================================
report_clock_properties
============================================================================
Clock                   Period          Waveform
----------------------------------------------------
core_clock           20.000000    0.000000 10.000000

===========================================================================
report_clock_latency
============================================================================
Clock core_clock
rise -> rise
    min     max
0.000000 0.000000 source latency
0.561740         network latency _26391_/CLK
        0.707447 network latency _25496_/CLK
---------------
0.561740 0.707447 latency
        0.145707 skew

fall -> fall
    min     max
0.000000 0.000000 source latency
0.509544         network latency _26391_/CLK
        0.646194 network latency _25928_/CLK
---------------
0.509544 0.646194 latency
        0.136650 skew



===========================================================================
report_clock_min_period
============================================================================
core_clock period_min = 5.27 fmax = 189.65
