
===========================================================================
 report_power
============================================================================
======================= nom_ff_n40C_1v95 Corner ===================================

Group                    Internal    Switching      Leakage        Total
                            Power        Power        Power        Power (Watts)
------------------------------------------------------------------------
Sequential           6.162707e-03 1.204847e-03 4.499276e-08 7.367600e-03  21.8%
Combinational        7.856248e-03 1.353600e-02 1.220249e-07 2.139237e-02  63.2%
Clock                2.426383e-03 2.654118e-03 5.742031e-08 5.080558e-03  15.0%
Macro                0.000000e+00 0.000000e+00 0.000000e+00 0.000000e+00   0.0%
Pad                  0.000000e+00 0.000000e+00 0.000000e+00 0.000000e+00   0.0%
------------------------------------------------------------------------
Total                1.644528e-02 1.739497e-02 2.244377e-07 3.384047e-02 100.0%
                            48.6%        51.4%         0.0%

