Clock: core_clock
Sources: clk 
Generated: no
Virtual: yes
Propagated: no
Period: 20.000000

===========================================================================
report_clock_properties
============================================================================
Clock                   Period          Waveform
----------------------------------------------------
core_clock           20.000000    0.000000 10.000000

===========================================================================
report_clock_latency
============================================================================
Clock core_clock
rise -> rise
    min     max
0.000000 0.000000 source latency
0.610907         network latency _26391_/CLK
        0.804950 network latency _26161_/CLK
---------------
0.610907 0.804950 latency
        0.194043 skew

fall -> fall
    min     max
0.000000 0.000000 source latency
0.583996         network latency _26391_/CLK
        0.766360 network latency _26161_/CLK
---------------
0.583996 0.766360 latency
        0.182364 skew



===========================================================================
report_clock_min_period
============================================================================
core_clock period_min = 7.57 fmax = 132.12
