
===========================================================================
 report_power
============================================================================
======================= nom_tt_025C_1v80 Corner ===================================

Group                    Internal    Switching      Leakage        Total
                            Power        Power        Power        Power (Watts)
------------------------------------------------------------------------
Sequential           5.306440e-03 5.870669e-04 3.297795e-08 5.893540e-03  23.8%
Combinational        6.936537e-03 8.023662e-03 5.273246e-08 1.496025e-02  60.5%
Clock                2.117861e-03 1.774548e-03 5.238423e-09 3.892415e-03  15.7%
Macro                0.000000e+00 0.000000e+00 0.000000e+00 0.000000e+00   0.0%
Pad                  0.000000e+00 0.000000e+00 0.000000e+00 0.000000e+00   0.0%
------------------------------------------------------------------------
Total                1.436094e-02 1.038524e-02 9.094529e-08 2.474627e-02 100.0%
                            58.0%        42.0%         0.0%
Writing metric power__internal__total: 0.014360936358571053
Writing metric power__switching__total: 0.010385243222117424
Writing metric power__leakage__total: 9.094529218600655e-8
Writing metric power__total: 0.02474627085030079

