Clock: core_clock
Sources: clk 
Generated: no
Virtual: yes
Propagated: no
Period: 20.000000

===========================================================================
report_clock_properties
============================================================================
Clock                   Period          Waveform
----------------------------------------------------
core_clock           20.000000    0.000000 10.000000

===========================================================================
report_clock_latency
============================================================================
Clock core_clock
rise -> rise
    min     max
0.000000 0.000000 source latency
1.393419         network latency _26391_/CLK
        1.745867 network latency _25496_/CLK
---------------
1.393419 1.745867 latency
        0.352448 skew

fall -> fall
    min     max
0.000000 0.000000 source latency
1.265961         network latency _26391_/CLK
        1.598345 network latency _24177_/CLK
---------------
1.265961 1.598345 latency
        0.332384 skew



===========================================================================
report_clock_min_period
============================================================================
core_clock period_min = 17.44 fmax = 57.33
