
===========================================================================
 report_power
============================================================================
======================= nom_ss_100C_1v60 Corner ===================================

Group                    Internal    Switching      Leakage        Total
                            Power        Power        Power        Power (Watts)
------------------------------------------------------------------------
Sequential           4.066770e-03 8.059989e-04 4.614121e-05 4.918910e-03  21.6%
Combinational        5.256292e-03 9.049103e-03 6.619336e-05 1.437159e-02  63.1%
Clock                1.741227e-03 1.723330e-03 5.636575e-06 3.470194e-03  15.2%
Macro                0.000000e+00 0.000000e+00 0.000000e+00 0.000000e+00   0.0%
Pad                  0.000000e+00 0.000000e+00 0.000000e+00 0.000000e+00   0.0%
------------------------------------------------------------------------
Total                1.106430e-02 1.157842e-02 1.179746e-04 2.276070e-02 100.0%
                            48.6%        50.9%         0.5%

