Clock: core_clock
Sources: clk 
Generated: no
Virtual: yes
Propagated: no
Period: 20.000000

===========================================================================
report_clock_properties
============================================================================
Clock                   Period          Waveform
----------------------------------------------------
core_clock           20.000000    0.000000 10.000000

===========================================================================
report_clock_latency
============================================================================
Clock core_clock
rise -> rise
    min     max
0.000000 0.000000 source latency
0.592377         network latency _26391_/CLK
        0.745545 network latency _25928_/CLK
---------------
0.592377 0.745545 latency
        0.153168 skew

fall -> fall
    min     max
0.000000 0.000000 source latency
0.536756         network latency _26391_/CLK
        0.681678 network latency _25928_/CLK
---------------
0.536756 0.681678 latency
        0.144922 skew



===========================================================================
report_clock_min_period
============================================================================
core_clock period_min = 5.47 fmax = 182.65
