Clock: core_clock
Sources: clk 
Generated: no
Virtual: yes
Propagated: no
Period: 20.000000

===========================================================================
report_clock_properties
============================================================================
Clock                   Period          Waveform
----------------------------------------------------
core_clock           20.000000    0.000000 10.000000

===========================================================================
report_clock_latency
============================================================================
Clock core_clock
rise -> rise
    min     max
0.000000 0.000000 source latency
0.622432         network latency _26391_/CLK
        0.825282 network latency _26565_/CLK
---------------
0.622432 0.825282 latency
        0.202851 skew

fall -> fall
    min     max
0.000000 0.000000 source latency
0.591170         network latency _26391_/CLK
        0.780299 network latency _26565_/CLK
---------------
0.591170 0.780299 latency
        0.189130 skew



===========================================================================
report_clock_min_period
============================================================================
core_clock period_min = 7.77 fmax = 128.63
