
===========================================================================
 report_power
============================================================================
======================= nom_tt_025C_1v80 Corner ===================================

Group                    Internal    Switching      Leakage        Total
                            Power        Power        Power        Power (Watts)
------------------------------------------------------------------------
Sequential           5.304903e-03 6.472091e-04 3.297795e-08 5.952145e-03  23.1%
Combinational        6.947120e-03 8.809247e-03 5.273246e-08 1.575642e-02  61.2%
Clock                2.121302e-03 1.924322e-03 5.240313e-09 4.045629e-03  15.7%
Macro                0.000000e+00 0.000000e+00 0.000000e+00 0.000000e+00   0.0%
Pad                  0.000000e+00 0.000000e+00 0.000000e+00 0.000000e+00   0.0%
------------------------------------------------------------------------
Total                1.437342e-02 1.138078e-02 9.094723e-08 2.575429e-02 100.0%
                            55.8%        44.2%         0.0%
Writing metric power__internal__total: 0.014373418875038624
Writing metric power__switching__total: 0.01138077862560749
Writing metric power__leakage__total: 9.094723196767518e-8
Writing metric power__total: 0.025754289701581

