
===========================================================================
 report_power
============================================================================
======================= nom_tt_025C_1v80 Corner ===================================

Group                    Internal    Switching      Leakage        Total
                            Power        Power        Power        Power (Watts)
------------------------------------------------------------------------
Sequential           5.340841e-03 4.491498e-04 2.964024e-08 5.790021e-03  25.7%
Combinational        9.358050e-03 7.380467e-03 5.319949e-08 1.673857e-02  74.3%
Clock                0.000000e+00 0.000000e+00 0.000000e+00 0.000000e+00   0.0%
Macro                0.000000e+00 0.000000e+00 0.000000e+00 0.000000e+00   0.0%
Pad                  0.000000e+00 0.000000e+00 0.000000e+00 0.000000e+00   0.0%
------------------------------------------------------------------------
Total                1.469813e-02 7.829606e-03 8.283481e-08 2.252782e-02 100.0%
                            65.2%        34.8%         0.0%

